<?xml version="1.0" encoding="utf-8"?><testsuites><testsuite errors="0" failures="0" hostname="Mac-1623793673007.local" name="pytest" skipped="11" tests="44" time="7.795" timestamp="2021-06-15T21:55:14.979364"><testcase classname="tests.test_attributes" name="test_extract_attribute" time="0.001"><skipped message="bumpversion" type="pytest.skip">tests/test_attributes.py:8: bumpversion</skipped></testcase><testcase classname="tests.test_attributes" name="test_replace_attribute" time="0.000"><skipped message="bumpversion" type="pytest.skip">tests/test_attributes.py:13: bumpversion</skipped></testcase><testcase classname="tests.test_attributes" name="test_replace_attribute_dry_run" time="0.000"><skipped message="bumpversion" type="pytest.skip">tests/test_attributes.py:21: bumpversion</skipped></testcase><testcase classname="tests.test_attributes" name="test_has_attribute" time="0.000"><skipped message="bumpversion" type="pytest.skip">tests/test_attributes.py:28: bumpversion</skipped></testcase><testcase classname="tests.test_changelog" name="test_write_new_changelog" time="0.150"></testcase><testcase classname="tests.test_changelog" name="test_replace_sha_with_commit_link" time="0.001"></testcase><testcase classname="tests.test_changelog" name="test_generate_changelog" time="0.001"><skipped message="Towncrier" type="pytest.skip">tests/test_changelog.py:45: Towncrier</skipped></testcase><testcase classname="tests.test_cli" name="test_version" time="0.002"></testcase><testcase classname="tests.test_init" name="test_init_prompts_for_auth_token_and_writes_tool_config" time="0.291"></testcase><testcase classname="tests.test_init" name="test_init_finds_auth_token_in_environment" time="0.175"></testcase><testcase classname="tests.test_packaging" name="test_build_distributions" time="0.001"></testcase><testcase classname="tests.test_packaging" name="test_install_package" time="0.002"></testcase><testcase classname="tests.test_packaging" name="test_upload_package" time="0.001"></testcase><testcase classname="tests.test_packaging" name="test_install_from_pypi" time="1.163"></testcase><testcase classname="tests.test_probe" name="test_probe_project" time="0.153"></testcase><testcase classname="tests.test_probe" name="test_has_binary" time="0.001"></testcase><testcase classname="tests.test_probe" name="test_has_no_binary" time="0.002"></testcase><testcase classname="tests.test_probe" name="test_has_test_runner" time="0.003"></testcase><testcase classname="tests.test_probe" name="test_accepts_readme" time="0.150"></testcase><testcase classname="tests.test_probe" name="test_refuses_readme" time="0.003"></testcase><testcase classname="tests.test_probe" name="test_fails_for_missing_readme" time="0.147"></testcase><testcase classname="tests.test_publish" name="test_publish_no_staged_release" time="0.234"></testcase><testcase classname="tests.test_publish" name="test_publish" time="0.766"></testcase><testcase classname="tests.test_repository" name="test_repository_parses_remote_url" time="0.142"></testcase><testcase classname="tests.test_repository" name="test_repository_parses_versions" time="0.131"></testcase><testcase classname="tests.test_repository" name="test_latest_version" time="0.152"></testcase><testcase classname="tests.test_shell" name="test_handle_dry_run" time="0.119"></testcase><testcase classname="tests.test_shell" name="test_handle_dry_run_true" time="0.110"></testcase><testcase classname="tests.test_stage" name="test_stage_draft" time="0.539"></testcase><testcase classname="tests.test_stage" name="test_stage" time="0.488"></testcase><testcase classname="tests.test_stage" name="test_stage_discard" time="0.686"></testcase><testcase classname="tests.test_stage" name="test_stage_discard_nothing_staged" time="0.230"></testcase><testcase classname="tests.test_status" name="test_status" time="0.359"></testcase><testcase classname="tests.test_status" name="test_status_with_changes" time="0.455"></testcase><testcase classname="tests.test_util" name="test_extract" time="0.001"></testcase><testcase classname="tests.test_util" name="test_extract_arguments" time="0.001"></testcase><testcase classname="tests.test_vcs" name="test_commit_version_change" time="0.008"></testcase><testcase classname="tests.test_vcs" name="test_tag_and_push" time="0.064"></testcase><testcase classname="tests.test_vcs" name="test_github_release" time="0.001"><skipped message="requires changelog" type="pytest.skip">tests/test_vcs.py:43: requires changelog</skipped></testcase><testcase classname="tests.test_vcs" name="test_upload_release_distributions" time="0.001"><skipped message="requires changelog" type="pytest.skip">tests/test_vcs.py:61: requires changelog</skipped></testcase><testcase classname="tests.test_vcs" name="test_signed_tag" time="0.001"><skipped message="requires changelog" type="pytest.skip">tests/test_vcs.py:79: requires changelog</skipped></testcase><testcase classname="tests.test_version" name="test_increment" time="0.001"><skipped message="bumpversion" type="pytest.skip">tests/test_version.py:8: bumpversion</skipped></testcase><testcase classname="tests.test_version" name="test_current_version" time="0.001"><skipped message="bumpversion" type="pytest.skip">tests/test_version.py:17: bumpversion</skipped></testcase><testcase classname="tests.test_version" name="test_get_new_version" time="0.002"><skipped message="bumpversion" type="pytest.skip">tests/test_version.py:22: bumpversion</skipped></testcase></testsuite></testsuites>